{
    "issuer": "https://s3-us-west-2.amazonaws.com/oidc-test-84hfke94j49",
    "jwks_uri": "https://s3-us-west-2.amazonaws.com/oidc-test-84hfke94j49/keys.json",
    "authorization_endpoint": "urn:kubernetes:programmatic_authorization",
    "response_types_supported": [
        "id_token"
    ],
    "subject_types_supported": [
        "public"
    ],
    "id_token_signing_alg_values_supported": [
        "RS256"
    ],
    "claims_supported": [
        "sub",
        "iss"
    ]
}