apiVersion: cluster.x-k8s.io/v1alpha3
kind: Cluster
metadata:
  name: fluxAddonTestCluster
  namespace: eksa-system
spec:
  clusterNetwork:
    pods:
      cidrBlocks:
      - 192.168.0.0/16
    serviceDomain: cluster.local
    services:
      cidrBlocks:
      - 10.128.0.0/12
  controlPlaneRef:
    apiVersion: controlplane.cluster.x-k8s.io/v1alpha3
    kind: KubeadmControlPlane
    name: fluxAddonTestCluster
    namespace: eksa-system
  infrastructureRef:
    apiVersion: infrastructure.cluster.x-k8s.io/v1alpha3
    kind: DockerCluster
    name: fluxAddonTestCluster
    namespace: eksa-system
---
apiVersion: infrastructure.cluster.x-k8s.io/v1alpha3
kind: DockerCluster
metadata:
  name: fluxAddonTestCluster
  namespace: eksa-system
---
---
apiVersion: controlplane.cluster.x-k8s.io/v1alpha3
kind: KubeadmControlPlane
metadata:
  name: fluxAddonTestCluster
  namespace: eksa-system
spec:
  infrastructureTemplate:
    apiVersion: infrastructure.cluster.x-k8s.io/v1alpha3
    kind: DockerMachineTemplate
    name: test-control-plane-template-original
    namespace: eksa-system
  kubeadmConfigSpec:
    clusterConfiguration:
      imageRepository: 
      etcd:
        local:
          imageRepository: 
          imageTag: 
      dns:
        type: CoreDNS
        imageRepository: 
        imageTag: 
      apiServer:
        certSANs:
        - localhost
        - 127.0.0.1
      controllerManager:
        extraArgs:
          enable-hostpath-provisioner: "true"
    initConfiguration:
      nodeRegistration:
        criSocket: /var/run/containerd/containerd.sock
        kubeletExtraArgs:
          cgroup-driver: cgroupfs
          eviction-hard: nodefs.available<0%,nodefs.inodesFree<0%,imagefs.available<0%
    joinConfiguration:
      nodeRegistration:
        criSocket: /var/run/containerd/containerd.sock
        kubeletExtraArgs:
          cgroup-driver: cgroupfs
          eviction-hard: nodefs.available<0%,nodefs.inodesFree<0%,imagefs.available<0%
  replicas: 0
  version: 
---
---
apiVersion: bootstrap.cluster.x-k8s.io/v1alpha3
kind: KubeadmConfigTemplate
metadata:
  name: fluxAddonTestCluster-md-0
  namespace: eksa-system
spec:
  template:
    spec:
      joinConfiguration:
        nodeRegistration:
          criSocket: /var/run/containerd/containerd.sock
          kubeletExtraArgs:
            cgroup-driver: cgroupfs
            eviction-hard: nodefs.available<0%,nodefs.inodesFree<0%,imagefs.available<0%
---
apiVersion: cluster.x-k8s.io/v1alpha3
kind: MachineDeployment
metadata:
  name: fluxAddonTestCluster-md-0
  namespace: eksa-system
spec:
  clusterName: fluxAddonTestCluster
  replicas: 0
  selector:
    matchLabels: null
  template:
    spec:
      bootstrap:
        configRef:
          apiVersion: bootstrap.cluster.x-k8s.io/v1alpha3
          kind: KubeadmConfigTemplate
          name: fluxAddonTestCluster-md-0
          namespace: eksa-system
      clusterName: fluxAddonTestCluster
      infrastructureRef:
        apiVersion: infrastructure.cluster.x-k8s.io/v1alpha3
        kind: DockerMachineTemplate
        name: test-worker-node-template-original
        namespace: eksa-system
      version: 