key1: value 1
key2: 2
key3:
  key_nest1: value nest
  key_nest2: value nest 2
key4:
  key_nest1: value nest
  key_nest2: 22